Archive member included to satisfy reference by file (symbol)

C:/ST/STM32CubeIDE_1.18.1/STM32CubeIDE/plugins/com.st.stm32cube.ide.mcu.externaltools.gnu-tools-for-stm32.13.3.rel1.win32_1.0.0.202411081344/tools/bin/../lib/gcc/arm-none-eabi/13.3.1/../../../../arm-none-eabi/lib/thumb/v8-m.main+fp/hard\libc_nano.a(libc_a-exit.o)
                              C:/ST/STM32CubeIDE_1.18.1/STM32CubeIDE/plugins/com.st.stm32cube.ide.mcu.externaltools.gnu-tools-for-stm32.13.3.rel1.win32_1.0.0.202411081344/tools/bin/../lib/gcc/arm-none-eabi/13.3.1/../../../../arm-none-eabi/lib/thumb/v8-m.main+fp/hard/crt0.o (exit)
C:/ST/STM32CubeIDE_1.18.1/STM32CubeIDE/plugins/com.st.stm32cube.ide.mcu.externaltools.gnu-tools-for-stm32.13.3.rel1.win32_1.0.0.202411081344/tools/bin/../lib/gcc/arm-none-eabi/13.3.1/../../../../arm-none-eabi/lib/thumb/v8-m.main+fp/hard\libc_nano.a(libc_a-findfp.o)
                              C:/ST/STM32CubeIDE_1.18.1/STM32CubeIDE/plugins/com.st.stm32cube.ide.mcu.externaltools.gnu-tools-for-stm32.13.3.rel1.win32_1.0.0.202411081344/tools/bin/../lib/gcc/arm-none-eabi/13.3.1/../../../../arm-none-eabi/lib/thumb/v8-m.main+fp/hard\libc_nano.a(libc_a-exit.o) (__stdio_exit_handler)
C:/ST/STM32CubeIDE_1.18.1/STM32CubeIDE/plugins/com.st.stm32cube.ide.mcu.externaltools.gnu-tools-for-stm32.13.3.rel1.win32_1.0.0.202411081344/tools/bin/../lib/gcc/arm-none-eabi/13.3.1/../../../../arm-none-eabi/lib/thumb/v8-m.main+fp/hard\libc_nano.a(libc_a-fwalk.o)
                              C:/ST/STM32CubeIDE_1.18.1/STM32CubeIDE/plugins/com.st.stm32cube.ide.mcu.externaltools.gnu-tools-for-stm32.13.3.rel1.win32_1.0.0.202411081344/tools/bin/../lib/gcc/arm-none-eabi/13.3.1/../../../../arm-none-eabi/lib/thumb/v8-m.main+fp/hard\libc_nano.a(libc_a-findfp.o) (_fwalk_sglue)
C:/ST/STM32CubeIDE_1.18.1/STM32CubeIDE/plugins/com.st.stm32cube.ide.mcu.externaltools.gnu-tools-for-stm32.13.3.rel1.win32_1.0.0.202411081344/tools/bin/../lib/gcc/arm-none-eabi/13.3.1/../../../../arm-none-eabi/lib/thumb/v8-m.main+fp/hard\libc_nano.a(libc_a-stdio.o)
                              C:/ST/STM32CubeIDE_1.18.1/STM32CubeIDE/plugins/com.st.stm32cube.ide.mcu.externaltools.gnu-tools-for-stm32.13.3.rel1.win32_1.0.0.202411081344/tools/bin/../lib/gcc/arm-none-eabi/13.3.1/../../../../arm-none-eabi/lib/thumb/v8-m.main+fp/hard\libc_nano.a(libc_a-findfp.o) (__sread)
C:/ST/STM32CubeIDE_1.18.1/STM32CubeIDE/plugins/com.st.stm32cube.ide.mcu.externaltools.gnu-tools-for-stm32.13.3.rel1.win32_1.0.0.202411081344/tools/bin/../lib/gcc/arm-none-eabi/13.3.1/../../../../arm-none-eabi/lib/thumb/v8-m.main+fp/hard\libc_nano.a(libc_a-memset.o)
                              C:/ST/STM32CubeIDE_1.18.1/STM32CubeIDE/plugins/com.st.stm32cube.ide.mcu.externaltools.gnu-tools-for-stm32.13.3.rel1.win32_1.0.0.202411081344/tools/bin/../lib/gcc/arm-none-eabi/13.3.1/../../../../arm-none-eabi/lib/thumb/v8-m.main+fp/hard/crt0.o (memset)
C:/ST/STM32CubeIDE_1.18.1/STM32CubeIDE/plugins/com.st.stm32cube.ide.mcu.externaltools.gnu-tools-for-stm32.13.3.rel1.win32_1.0.0.202411081344/tools/bin/../lib/gcc/arm-none-eabi/13.3.1/../../../../arm-none-eabi/lib/thumb/v8-m.main+fp/hard\libc_nano.a(libc_a-closer.o)
                              C:/ST/STM32CubeIDE_1.18.1/STM32CubeIDE/plugins/com.st.stm32cube.ide.mcu.externaltools.gnu-tools-for-stm32.13.3.rel1.win32_1.0.0.202411081344/tools/bin/../lib/gcc/arm-none-eabi/13.3.1/../../../../arm-none-eabi/lib/thumb/v8-m.main+fp/hard\libc_nano.a(libc_a-stdio.o) (_close_r)
C:/ST/STM32CubeIDE_1.18.1/STM32CubeIDE/plugins/com.st.stm32cube.ide.mcu.externaltools.gnu-tools-for-stm32.13.3.rel1.win32_1.0.0.202411081344/tools/bin/../lib/gcc/arm-none-eabi/13.3.1/../../../../arm-none-eabi/lib/thumb/v8-m.main+fp/hard\libc_nano.a(libc_a-reent.o)
                              C:/ST/STM32CubeIDE_1.18.1/STM32CubeIDE/plugins/com.st.stm32cube.ide.mcu.externaltools.gnu-tools-for-stm32.13.3.rel1.win32_1.0.0.202411081344/tools/bin/../lib/gcc/arm-none-eabi/13.3.1/../../../../arm-none-eabi/lib/thumb/v8-m.main+fp/hard\libc_nano.a(libc_a-closer.o) (errno)
C:/ST/STM32CubeIDE_1.18.1/STM32CubeIDE/plugins/com.st.stm32cube.ide.mcu.externaltools.gnu-tools-for-stm32.13.3.rel1.win32_1.0.0.202411081344/tools/bin/../lib/gcc/arm-none-eabi/13.3.1/../../../../arm-none-eabi/lib/thumb/v8-m.main+fp/hard\libc_nano.a(libc_a-impure.o)
                              C:/ST/STM32CubeIDE_1.18.1/STM32CubeIDE/plugins/com.st.stm32cube.ide.mcu.externaltools.gnu-tools-for-stm32.13.3.rel1.win32_1.0.0.202411081344/tools/bin/../lib/gcc/arm-none-eabi/13.3.1/../../../../arm-none-eabi/lib/thumb/v8-m.main+fp/hard\libc_nano.a(libc_a-reent.o) (_impure_ptr)
C:/ST/STM32CubeIDE_1.18.1/STM32CubeIDE/plugins/com.st.stm32cube.ide.mcu.externaltools.gnu-tools-for-stm32.13.3.rel1.win32_1.0.0.202411081344/tools/bin/../lib/gcc/arm-none-eabi/13.3.1/../../../../arm-none-eabi/lib/thumb/v8-m.main+fp/hard\libc_nano.a(libc_a-lseekr.o)
[...]
Memory Configuration

Name             Origin             Length             Attributes
RAM              0x30000000         0x00040000         xrw
SRAM4            0x38000000         0x00004000         xrw
FLASH            0x0c000000         0x000fe000         xr
FLASH_NSC        0x0c0fe000         0x00002000         xr
*default*        0x00000000         0xffffffff

Linker script and memory map

LOAD C:/ST/STM32CubeIDE_1.18.1/STM32CubeIDE/plugins/com.st.stm32cube.ide.mcu.externaltools.gnu-tools-for-stm32.13.3.rel1.win32_1.0.0.202411081344/tools/bin/../lib/gcc/arm-none-eabi/13.3.1/thumb/v8-m.main+fp/hard/crti.o
LOAD C:/ST/STM32CubeIDE_1.18.1/STM32CubeIDE/plugins/com.st.stm32cube.ide.mcu.externaltools.gnu-tools-for-stm32.13.3.rel1.win32_1.0.0.202411081344/tools/bin/../lib/gcc/arm-none-eabi/13.3.1/thumb/v8-m.main+fp/hard/crtbegin.o
LOAD C:/ST/STM32CubeIDE_1.18.1/STM32CubeIDE/plugins/com.st.stm32cube.ide.mcu.externaltools.gnu-tools-for-stm32.13.3.rel1.win32_1.0.0.202411081344/tools/bin/../lib/gcc/arm-none-eabi/13.3.1/../../../../arm-none-eabi/lib/thumb/v8-m.main+fp/hard/crt0.o
LOAD ./Core/Src/main.o
LOAD ./Core/Src/secure_nsc.o
LOAD ./Core/Src/stm32u5xx_hal_msp.o
LOAD ./Core/Src/stm32u5xx_it.o
LOAD ./Core/Src/syscalls.o
LOAD ./Core/Src/sysmem.o
LOAD ./Core/Src/system_stm32u5xx_s.o
LOAD ./Core/Startup/startup_stm32u575zitxq.o
LOAD ./Drivers/STM32U5xx_HAL_Driver/stm32u5xx_hal.o
LOAD ./Drivers/STM32U5xx_HAL_Driver/stm32u5xx_hal_cortex.o
LOAD ./Drivers/STM32U5xx_HAL_Driver/stm32u5xx_hal_dma.o
LOAD ./Drivers/STM32U5xx_HAL_Driver/stm32u5xx_hal_dma_ex.o
LOAD ./Drivers/STM32U5xx_HAL_Driver/stm32u5xx_hal_exti.o
LOAD ./Drivers/STM32U5xx_HAL_Driver/stm32u5xx_hal_flash.o
LOAD ./Drivers/STM32U5xx_HAL_Driver/stm32u5xx_hal_flash_ex.o
LOAD ./Drivers/STM32U5xx_HAL_Driver/stm32u5xx_hal_gpio.o
LOAD ./Drivers/STM32U5xx_HAL_Driver/stm32u5xx_hal_gtzc.o
LOAD ./Drivers/STM32U5xx_HAL_Driver/stm32u5xx_hal_i2c.o
LOAD ./Drivers/STM32U5xx_HAL_Driver/stm32u5xx_hal_i2c_ex.o
LOAD ./Drivers/STM32U5xx_HAL_Driver/stm32u5xx_hal_icache.o
LOAD ./Drivers/STM32U5xx_HAL_Driver/stm32u5xx_hal_pwr.o
LOAD ./Drivers/STM32U5xx_HAL_Driver/stm32u5xx_hal_pwr_ex.o
LOAD ./Drivers/STM32U5xx_HAL_Driver/stm32u5xx_hal_rcc.o
LOAD ./Drivers/STM32U5xx_HAL_Driver/stm32u5xx_hal_rcc_ex.o
START GROUP
LOAD C:/ST/STM32CubeIDE_1.18.1/STM32CubeIDE/plugins/com.st.stm32cube.ide.mcu.externaltools.gnu-tools-for-stm32.13.3.rel1.win32_1.0.0.202411081344/tools/bin/../lib/gcc/arm-none-eabi/13.3.1/../../../../arm-none-eabi/lib/thumb/v8-m.main+fp/hard\libc_nano.a
LOAD C:/ST/STM32CubeIDE_1.18.1/STM32CubeIDE/plugins/com.st.stm32cube.ide.mcu.externaltools.gnu-tools-for-stm32.13.3.rel1.win32_1.0.0.202411081344/tools/bin/../lib/gcc/arm-none-eabi/13.3.1/../../../../arm-none-eabi/lib/thumb/v8-m.main+fp/hard\libm.a
END GROUP
START GROUP
LOAD C:/ST/STM32CubeIDE_1.18.1/STM32CubeIDE/plugins/com.st.stm32cube.ide.mcu.externaltools.gnu-tools-for-stm32.13.3.rel1.win32_1.0.0.202411081344/tools/bin/../lib/gcc/arm-none-eabi/13.3.1/thumb/v8-m.main+fp/hard\libgcc.a
LOAD C:/ST/STM32CubeIDE_1.18.1/STM32CubeIDE/plugins/com.st.stm32cube.ide.mcu.externaltools.gnu-tools-for-stm32.13.3.rel1.win32_1.0.0.202411081344/tools/bin/../lib/gcc/arm-none-eabi/13.3.1/../../../../arm-none-eabi/lib/thumb/v8-m.main+fp/hard\libc_nano.a
END GROUP
START GROUP
LOAD C:/ST/STM32CubeIDE_1.18.1/STM32CubeIDE/plugins/com.st.stm32cube.ide.mcu.externaltools.gnu-tools-for-stm32.13.3.rel1.win32_1.0.0.202411081344/tools/bin/../lib/gcc/arm-none-eabi/13.3.1/thumb/v8-m.main+fp/hard\libgcc.a
LOAD C:/ST/STM32CubeIDE_1.18.1/STM32CubeIDE/plugins/com.st.stm32cube.ide.mcu.externaltools.gnu-tools-for-stm32.13.3.rel1.win32_1.0.0.202411081344/tools/bin/../lib/gcc/arm-none-eabi/13.3.1/../../../../arm-none-eabi/lib/thumb/v8-m.main+fp/hard\libc_nano.a
LOAD C:/ST/STM32CubeIDE_1.18.1/STM32CubeIDE/plugins/com.st.stm32cube.ide.mcu.externaltools.gnu-tools-for-stm32.13.3.rel1.win32_1.0.0.202411081344/tools/bin/../lib/gcc/arm-none-eabi/13.3.1/../../../../arm-none-eabi/lib/thumb/v8-m.main+fp/hard\libnosys.a
END GROUP
START GROUP
LOAD C:/ST/STM32CubeIDE_1.18.1/STM32CubeIDE/plugins/com.st.stm32cube.ide.mcu.externaltools.gnu-tools-for-stm32.13.3.rel1.win32_1.0.0.202411081344/tools/bin/../lib/gcc/arm-none-eabi/13.3.1/thumb/v8-m.main+fp/hard\libgcc.a
LOAD C:/ST/STM32CubeIDE_1.18.1/STM32CubeIDE/plugins/com.st.stm32cube.ide.mcu.externaltools.gnu-tools-for-stm32.13.3.rel1.win32_1.0.0.202411081344/tools/bin/../lib/gcc/arm-none-eabi/13.3.1/../../../../arm-none-eabi/lib/thumb/v8-m.main+fp/hard\libc_nano.a
LOAD C:/ST/STM32CubeIDE_1.18.1/STM32CubeIDE/plugins/com.st.stm32cube.ide.mcu.externaltools.gnu-tools-for-stm32.13.3.rel1.win32_1.0.0.202411081344/tools/bin/../lib/gcc/arm-none-eabi/13.3.1/../../../../arm-none-eabi/lib/thumb/v8-m.main+fp/hard\libnosys.a
END GROUP
LOAD C:/ST/STM32CubeIDE_1.18.1/STM32CubeIDE/plugins/com.st.stm32cube.ide.mcu.externaltools.gnu-tools-for-stm32.13.3.rel1.win32_1.0.0.202411081344/tools/bin/../lib/gcc/arm-none-eabi/13.3.1/thumb/v8-m.main+fp/hard/crtend.o
LOAD C:/ST/STM32CubeIDE_1.18.1/STM32CubeIDE/plugins/com.st.stm32cube.ide.mcu.externaltools.gnu-tools-for-stm32.13.3.rel1.win32_1.0.0.202411081344/tools/bin/../lib/gcc/arm-none-eabi/13.3.1/thumb/v8-m.main+fp/hard/crtn.o
                0x30040000                        _estack = (ORIGIN (RAM) + LENGTH (RAM))
                0x00000200                        _Min_Heap_Size = 0x200
                0x00000400                        _Min_Stack_Size = 0x400

.isr_vector     0x0c000000      0x238
 *(.isr_vector)
 .isr_vector    0x0c000000      0x238 ./Core/Startup/startup_stm32u575zitxq.o
                0x0c000000                g_pfnVectors

.text           0x0c000238     0x1b88
 *(.text)
 .text          0x0c000238       0x40 C:/ST/STM32CubeIDE_1.18.1/STM32CubeIDE/plugins/com.st.stm32cube.ide.mcu.externaltools.gnu-tools-for-stm32.13.3.rel1.win32_1.0.0.202411081344/tools/bin/../lib/gcc/arm-none-eabi/13.3.1/thumb/v8-m.main+fp/hard/crtbegin.o
 .text          0x0c000278       0x5c C:/ST/STM32CubeIDE_1.18.1/STM32CubeIDE/plugins/com.st.stm32cube.ide.mcu.externaltools.gnu-tools-for-stm32.13.3.rel1.win32_1.0.0.202411081344/tools/bin/../lib/gcc/arm-none-eabi/13.3.1/thumb/v8-m.main+fp/hard\libgcc.a(cmse_nonsecure_call.o)
                0x0c000278                __gnu_cmse_nonsecure_call
 *(.text*)
 .text.main     0x0c0002d4       0x20 ./Core/Src/main.o
                0x0c0002d4                main
 .text.NonSecure_Init
                0x0c0002f4       0x88 ./Core/Src/main.o
 .text.SystemPower_Config
                0x0c00037c       0x20 ./Core/Src/main.o
 .text.MX_GTZC_S_Init
                0x0c00039c      0x420 ./Core/Src/main.o
 .text.MX_ICACHE_Init
                0x0c0007bc       0x26 ./Core/Src/main.o
 *fill*         0x0c0007e2        0x2 
 .text.MX_GPIO_Init
                0x0c0007e4       0xa4 ./Core/Src/main.o
 .text.Error_Handler
                0x0c000888        0xc ./Core/Src/main.o
                0x0c000888                Error_Handler
 .text.SECURE_RegisterCallback
                0x0c000894       0xac ./Core/Src/secure_nsc.o
                0x0c000894                __acle_se_SECURE_RegisterCallback
 .text.HAL_MspInit
                0x0c000940       0x54 ./Core/Src/stm32u5xx_hal_msp.o
                0x0c000940                HAL_MspInit
 .text.NMI_Handler
                0x0c000994        0x8 ./Core/Src/stm32u5xx_it.o
                0x0c000994                NMI_Handler
 .text.HardFault_Handler
                0x0c00099c        0x8 ./Core/Src/stm32u5xx_it.o
                0x0c00099c                HardFault_Handler
 .text.MemManage_Handler
                0x0c0009a4        0x8 ./Core/Src/stm32u5xx_it.o
                0x0c0009a4                MemManage_Handler
 .text.BusFault_Handler
                0x0c0009ac        0x8 ./Core/Src/stm32u5xx_it.o
                0x0c0009ac                BusFault_Handler
 .text.UsageFault_Handler
                0x0c0009b4        0x8 ./Core/Src/stm32u5xx_it.o
                0x0c0009b4                UsageFault_Handler
 .text.SecureFault_Handler
                0x0c0009bc        0x8 ./Core/Src/stm32u5xx_it.o
                0x0c0009bc                SecureFault_Handler
 .text.SVC_Handler
                0x0c0009c4        0xe ./Core/Src/stm32u5xx_it.o
                0x0c0009c4                SVC_Handler
 .text.DebugMon_Handler
                0x0c0009d2        0xe ./Core/Src/stm32u5xx_it.o
                0x0c0009d2                DebugMon_Handler
 .text.PendSV_Handler
                0x0c0009e0        0xe ./Core/Src/stm32u5xx_it.o
                0x0c0009e0                PendSV_Handler
 .text.SysTick_Handler
                0x0c0009ee        0xc ./Core/Src/stm32u5xx_it.o
                0x0c0009ee                SysTick_Handler
 *fill*         0x0c0009fa        0x2 
 .text.TZ_SAU_Setup
                0x0c0009fc       0x64 ./Core/Src/system_stm32u5xx_s.o
 .text.SystemInit
                0x0c000a60       0x80 ./Core/Src/system_stm32u5xx_s.o
                0x0c000a60                SystemInit
 .text.SystemCoreClockUpdate
                0x0c000ae0      0x1f0 ./Core/Src/system_stm32u5xx_s.o
                0x0c000ae0                SystemCoreClockUpdate
 .text.SECURE_SystemCoreClockUpdate
                0x0c000cd0       0x80 ./Core/Src/system_stm32u5xx_s.o
                0x0c000cd0                __acle_se_SECURE_SystemCoreClockUpdate
 .text.Reset_Handler
                0x0c000d50       0x50 ./Core/Startup/startup_stm32u575zitxq.o
                0x0c000d50                Reset_Handler
 .text.Default_Handler
                0x0c000da0        0x2 ./Core/Startup/startup_stm32u575zitxq.o
                0x0c000da0                EXTI2_IRQHandler
                0x0c000da0                TIM8_TRG_COM_IRQHandler
                0x0c000da0                TIM8_CC_IRQHandler
                0x0c000da0                EXTI5_IRQHandler
                0x0c000da0                FLASH_S_IRQHandler
                0x0c000da0                EXTI13_IRQHandler
                0x0c000da0                TIM1_CC_IRQHandler
                0x0c000da0                TSC_IRQHandler
                0x0c000da0                TAMP_IRQHandler
                0x0c000da0                TIM6_IRQHandler
                0x0c000da0                EXTI12_IRQHandler
                0x0c000da0                CORDIC_IRQHandler
                0x0c000da0                EXTI3_IRQHandler
                0x0c000da0                LPTIM4_IRQHandler
                0x0c000da0                GPDMA1_Channel5_IRQHandler
                0x0c000da0                EXTI8_IRQHandler
                0x0c000da0                LPTIM2_IRQHandler
                0x0c000da0                I2C3_ER_IRQHandler
                0x0c000da0                PWR_S3WU_IRQHandler
                0x0c000da0                MDF1_FLT2_IRQHandler
                0x0c000da0                LPDMA1_Channel3_IRQHandler
                0x0c000da0                LPTIM3_IRQHandler
                0x0c000da0                EXTI0_IRQHandler
                0x0c000da0                I2C2_EV_IRQHandler
                0x0c000da0                FPU_IRQHandler
                0x0c000da0                GPDMA1_Channel3_IRQHandler
                0x0c000da0                GPDMA1_Channel7_IRQHandler
                0x0c000da0                MDF1_FLT4_IRQHandler
                0x0c000da0                FDCAN1_IT1_IRQHandler
                0x0c000da0                RAMCFG_IRQHandler
                0x0c000da0                GPDMA1_Channel9_IRQHandler
                0x0c000da0                DCACHE1_IRQHandler
                0x0c000da0                SPI1_IRQHandler
                0x0c000da0                OCTOSPI1_IRQHandler
                0x0c000da0                GPDMA1_Channel2_IRQHandler
                0x0c000da0                TIM8_UP_IRQHandler
                0x0c000da0                RCC_S_IRQHandler
                0x0c000da0                OCTOSPI2_IRQHandler
                0x0c000da0                SAI2_IRQHandler
                0x0c000da0                MDF1_FLT1_IRQHandler
                0x0c000da0                ADC1_IRQHandler
                0x0c000da0                MDF1_FLT5_IRQHandler
                0x0c000da0                EXTI15_IRQHandler
                0x0c000da0                TIM17_IRQHandler
                0x0c000da0                USART3_IRQHandler
                0x0c000da0                RTC_IRQHandler
                0x0c000da0                EXTI9_IRQHandler
                0x0c000da0                UART5_IRQHandler
                0x0c000da0                TIM4_IRQHandler
                0x0c000da0                I2C1_EV_IRQHandler
                0x0c000da0                GPDMA1_Channel12_IRQHandler
                0x0c000da0                GPDMA1_Channel1_IRQHandler
                0x0c000da0                TIM16_IRQHandler
                0x0c000da0                GPDMA1_Channel15_IRQHandler
                0x0c000da0                UART4_IRQHandler
                0x0c000da0                TIM3_IRQHandler
                0x0c000da0                RCC_IRQHandler
                0x0c000da0                TIM1_TRG_COM_IRQHandler
                0x0c000da0                Default_Handler
                0x0c000da0                GPDMA1_Channel8_IRQHandler
                0x0c000da0                FMAC_IRQHandler
                0x0c000da0                GPDMA1_Channel11_IRQHandler
                0x0c000da0                TIM7_IRQHandler
                0x0c000da0                SDMMC1_IRQHandler
                0x0c000da0                TIM5_IRQHandler
                0x0c000da0                UCPD1_IRQHandler
                0x0c000da0                GPDMA1_Channel0_IRQHandler
                0x0c000da0                TIM15_IRQHandler
                0x0c000da0                I2C3_EV_IRQHandler
                0x0c000da0                LPDMA1_Channel0_IRQHandler
                0x0c000da0                PVD_PVM_IRQHandler
                0x0c000da0                SPI2_IRQHandler
                0x0c000da0                LPDMA1_Channel1_IRQHandler
                0x0c000da0                EXTI14_IRQHandler
                0x0c000da0                EXTI11_IRQHandler
                0x0c000da0                CRS_IRQHandler
                0x0c000da0                GPDMA1_Channel14_IRQHandler
                0x0c000da0                LSECSSD_IRQHandler
                0x0c000da0                EXTI4_IRQHandler
                0x0c000da0                RTC_S_IRQHandler
                0x0c000da0                GPDMA1_Channel13_IRQHandler
                0x0c000da0                RNG_IRQHandler
                0x0c000da0                COMP_IRQHandler
                0x0c000da0                TIM1_UP_IRQHandler
                0x0c000da0                ADC4_IRQHandler
                0x0c000da0                WWDG_IRQHandler
                0x0c000da0                I2C4_EV_IRQHandler
                0x0c000da0                ADF1_IRQHandler
                0x0c000da0                IWDG_IRQHandler
                0x0c000da0                LPUART1_IRQHandler
                0x0c000da0                MDF1_FLT0_IRQHandler
                0x0c000da0                FDCAN1_IT0_IRQHandler
                0x0c000da0                TIM2_IRQHandler
                0x0c000da0                GPDMA1_Channel4_IRQHandler
                0x0c000da0                EXTI7_IRQHandler
                0x0c000da0                DMA2D_IRQHandler
                0x0c000da0                TIM1_BRK_IRQHandler
                0x0c000da0                EXTI1_IRQHandler
                0x0c000da0                SDMMC2_IRQHandler
                0x0c000da0                DAC1_IRQHandler
                0x0c000da0                GTZC_IRQHandler
                0x0c000da0                MDF1_FLT3_IRQHandler
                0x0c000da0                USART2_IRQHandler
                0x0c000da0                GPDMA1_Channel6_IRQHandler
                0x0c000da0                I2C2_ER_IRQHandler
                0x0c000da0                TIM8_BRK_IRQHandler
                0x0c000da0                FLASH_IRQHandler
                0x0c000da0                USART1_IRQHandler
                0x0c000da0                EXTI10_IRQHandler
                0x0c000da0                OTG_FS_IRQHandler
                0x0c000da0                SPI3_IRQHandler
                0x0c000da0                LPDMA1_Channel2_IRQHandler
                0x0c000da0                I2C1_ER_IRQHandler
                0x0c000da0                FMC_IRQHandler
                0x0c000da0                EXTI6_IRQHandler
                0x0c000da0                LPTIM1_IRQHandler
                0x0c000da0                DCMI_PSSI_IRQHandler
                0x0c000da0                I2C4_ER_IRQHandler
                0x0c000da0                GPDMA1_Channel10_IRQHandler
                0x0c000da0                ICACHE_IRQHandler
                0x0c000da0                SAI1_IRQHandler
                0x0c000da0                HASH_IRQHandler
 *fill*         0x0c000da2        0x2 
 .text.HAL_Init
                0x0c000da4       0x60 ./Drivers/STM32U5xx_HAL_Driver/stm32u5xx_hal.o
                0x0c000da4                HAL_Init
 .text.HAL_InitTick
                0x0c000e04       0xec ./Drivers/STM32U5xx_HAL_Driver/stm32u5xx_hal.o
                0x0c000e04                HAL_InitTick
 .text.HAL_IncTick
                0x0c000ef0       0x28 ./Drivers/STM32U5xx_HAL_Driver/stm32u5xx_hal.o
                0x0c000ef0                HAL_IncTick
 .text.__NVIC_SetPriorityGrouping
                0x0c000f18       0x48 ./Drivers/STM32U5xx_HAL_Driver/stm32u5xx_hal_cortex.o
 .text.__NVIC_GetPriorityGrouping
                0x0c000f60       0x1c ./Drivers/STM32U5xx_HAL_Driver/stm32u5xx_hal_cortex.o
 .text.__NVIC_SetPriority
                0x0c000f7c       0x54 ./Drivers/STM32U5xx_HAL_Driver/stm32u5xx_hal_cortex.o
 .text.NVIC_EncodePriority
                0x0c000fd0       0x66 ./Drivers/STM32U5xx_HAL_Driver/stm32u5xx_hal_cortex.o
 .text.HAL_NVIC_SetPriorityGrouping
                0x0c001036       0x16 ./Drivers/STM32U5xx_HAL_Driver/stm32u5xx_hal_cortex.o
                0x0c001036                HAL_NVIC_SetPriorityGrouping
 .text.HAL_NVIC_SetPriority
                0x0c00104c       0x34 ./Drivers/STM32U5xx_HAL_Driver/stm32u5xx_hal_cortex.o
                0x0c00104c                HAL_NVIC_SetPriority
 .text.HAL_SYSTICK_Config
                0x0c001080       0x44 ./Drivers/STM32U5xx_HAL_Driver/stm32u5xx_hal_cortex.o
                0x0c001080                HAL_SYSTICK_Config
 .text.HAL_SYSTICK_CLKSourceConfig
                0x0c0010c4       0xb0 ./Drivers/STM32U5xx_HAL_Driver/stm32u5xx_hal_cortex.o
                0x0c0010c4                HAL_SYSTICK_CLKSourceConfig
 .text.HAL_SYSTICK_GetCLKSourceConfig
                0x0c001174       0x74 ./Drivers/STM32U5xx_HAL_Driver/stm32u5xx_hal_cortex.o
                0x0c001174                HAL_SYSTICK_GetCLKSourceConfig
 .text.HAL_GPIO_Init
                0x0c0011e8      0x3b0 ./Drivers/STM32U5xx_HAL_Driver/stm32u5xx_hal_gpio.o
                0x0c0011e8                HAL_GPIO_Init
 .text.HAL_GTZC_TZSC_ConfigPeriphAttributes
                0x0c001598      0x2c4 ./Drivers/STM32U5xx_HAL_Driver/stm32u5xx_hal_gtzc.o
                0x0c001598                HAL_GTZC_TZSC_ConfigPeriphAttributes
 .text.HAL_GTZC_MPCBB_ConfigMem
                0x0c00185c      0x1b0 ./Drivers/STM32U5xx_HAL_Driver/stm32u5xx_hal_gtzc.o
                0x0c00185c                HAL_GTZC_MPCBB_ConfigMem
 .text.HAL_ICACHE_ConfigAssociativityMode
                0x0c001a0c       0x40 ./Drivers/STM32U5xx_HAL_Driver/stm32u5xx_hal_icache.o
                0x0c001a0c                HAL_ICACHE_ConfigAssociativityMode
 .text.HAL_ICACHE_Enable
                0x0c001a4c       0x20 ./Drivers/STM32U5xx_HAL_Driver/stm32u5xx_hal_icache.o
                0x0c001a4c                HAL_ICACHE_Enable
 .text.HAL_PWREx_ConfigSupply
                0x0c001a6c       0xa0 ./Drivers/STM32U5xx_HAL_Driver/stm32u5xx_hal_pwr_ex.o
                0x0c001a6c                HAL_PWREx_ConfigSupply
 .text.HAL_PWREx_EnableVddIO2
                0x0c001b0c       0x20 ./Drivers/STM32U5xx_HAL_Driver/stm32u5xx_hal_pwr_ex.o
                0x0c001b0c                HAL_PWREx_EnableVddIO2
 .text.HAL_PWREx_DisableUCPDDeadBattery
                0x0c001b2c       0x20 ./Drivers/STM32U5xx_HAL_Driver/stm32u5xx_hal_pwr_ex.o
                0x0c001b2c                HAL_PWREx_DisableUCPDDeadBattery
 .text.HAL_RCC_GetSysClockFreq
                0x0c001b4c      0x204 ./Drivers/STM32U5xx_HAL_Driver/stm32u5xx_hal_rcc.o
                0x0c001b4c                HAL_RCC_GetSysClockFreq
 .text.memset   0x0c001d50       0x10 C:/ST/STM32CubeIDE_1.18.1/STM32CubeIDE/plugins/com.st.stm32cube.ide.mcu.externaltools.gnu-tools-for-stm32.13.3.rel1.win32_1.0.0.202411081344/tools/bin/../lib/gcc/arm-none-eabi/13.3.1/../../../../arm-none-eabi/lib/thumb/v8-m.main+fp/hard\libc_nano.a(libc_a-memset.o)
                0x0c001d50                memset
 .text.__libc_init_array
                0x0c001d60       0x48 C:/ST/STM32CubeIDE_1.18.1/STM32CubeIDE/plugins/com.st.stm32cube.ide.mcu.externaltools.gnu-tools-for-stm32.13.3.rel1.win32_1.0.0.202411081344/tools/bin/../lib/gcc/arm-none-eabi/13.3.1/../../../../arm-none-eabi/lib/thumb/v8-m.main+fp/hard\libc_nano.a(libc_a-init.o)
                0x0c001d60                __libc_init_array
 *(.glue_7)
 .glue_7        0x0c001da8        0x0 linker stubs
 *(.glue_7t)
 .glue_7t       0x0c001da8        0x0 linker stubs
 *(.eh_frame)
 .eh_frame      0x0c001da8        0x0 C:/ST/STM32CubeIDE_1.18.1/STM32CubeIDE/plugins/com.st.stm32cube.ide.mcu.externaltools.gnu-tools-for-stm32.13.3.rel1.win32_1.0.0.202411081344/tools/bin/../lib/gcc/arm-none-eabi/13.3.1/thumb/v8-m.main+fp/hard/crtbegin.o
 *(.init)
 .init          0x0c001da8        0x4 C:/ST/STM32CubeIDE_1.18.1/STM32CubeIDE/plugins/com.st.stm32cube.ide.mcu.externaltools.gnu-tools-for-stm32.13.3.rel1.win32_1.0.0.202411081344/tools/bin/../lib/gcc/arm-none-eabi/13.3.1/thumb/v8-m.main+fp/hard/crti.o
                0x0c001da8                _init
 .init          0x0c001dac        0x8 C:/ST/STM32CubeIDE_1.18.1/STM32CubeIDE/plugins/com.st.stm32cube.ide.mcu.externaltools.gnu-tools-for-stm32.13.3.rel1.win32_1.0.0.202411081344/tools/bin/../lib/gcc/arm-none-eabi/13.3.1/thumb/v8-m.main+fp/hard/crtn.o
 *(.fini)
 .fini          0x0c001db4        0x4 C:/ST/STM32CubeIDE_1.18.1/STM32CubeIDE/plugins/com.st.stm32cube.ide.mcu.externaltools.gnu-tools-for-stm32.13.3.rel1.win32_1.0.0.202411081344/tools/bin/../lib/gcc/arm-none-eabi/13.3.1/thumb/v8-m.main+fp/hard/crti.o
                0x0c001db4                _fini
 .fini          0x0c001db8        0x8 C:/ST/STM32CubeIDE_1.18.1/STM32CubeIDE/plugins/com.st.stm32cube.ide.mcu.externaltools.gnu-tools-for-stm32.13.3.rel1.win32_1.0.0.202411081344/tools/bin/../lib/gcc/arm-none-eabi/13.3.1/thumb/v8-m.main+fp/hard/crtn.o
                0x0c001dc0                        _etext = .

.vfp11_veneer   0x0c001dc0        0x0
 .vfp11_veneer  0x0c001dc0        0x0 linker stubs

.v4_bx          0x0c001dc0        0x0
 .v4_bx         0x0c001dc0        0x0 linker stubs

.iplt           0x0c001dc0        0x0
 .iplt          0x0c001dc0        0x0 C:/ST/STM32CubeIDE_1.18.1/STM32CubeIDE/plugins/com.st.stm32cube.ide.mcu.externaltools.gnu-tools-for-stm32.13.3.rel1.win32_1.0.0.202411081344/tools/bin/../lib/gcc/arm-none-eabi/13.3.1/thumb/v8-m.main+fp/hard/crtbegin.o

.rodata         0x0c001dc0       0xd0
 *(.rodata)
 *(.rodata*)
 .rodata.AHBPrescTable
                0x0c001dc0       0x10 ./Core/Src/system_stm32u5xx_s.o
                0x0c001dc0                AHBPrescTable
 .rodata.MSIRangeTable
                0x0c001dd0       0x40 ./Core/Src/system_stm32u5xx_s.o
                0x0c001dd0                MSIRangeTable
 .rodata.LPGPIO_Map
                0x0c001e10       0x80 ./Drivers/STM32U5xx_HAL_Driver/stm32u5xx_hal_gpio.o

.ARM.extab
 *(.ARM.extab* .gnu.linkonce.armextab.*)

.ARM            0x0c001e90        0x0
                0x0c001e90                        __exidx_start = .
 *(.ARM.exidx*)
                0x0c001e90                        __exidx_end = .

.preinit_array  0x0c001e90        0x0
                0x0c001e90                        PROVIDE (__preinit_array_start = .)
 *(.preinit_array*)
                0x0c001e90                        PROVIDE (__preinit_array_end = .)

.init_array     0x0c001e90        0x4
                0x0c001e90                        PROVIDE (__init_array_start = .)
 *(SORT_BY_NAME(.init_array.*))
 *(.init_array*)
 .init_array    0x0c001e90        0x4 C:/ST/STM32CubeIDE_1.18.1/STM32CubeIDE/plugins/com.st.stm32cube.ide.mcu.externaltools.gnu-tools-for-stm32.13.3.rel1.win32_1.0.0.202411081344/tools/bin/../lib/gcc/arm-none-eabi/13.3.1/thumb/v8-m.main+fp/hard/crtbegin.o
                0x0c001e94                        PROVIDE (__init_array_end = .)

.fini_array     0x0c001e94        0x4
                [!provide]                        PROVIDE (__fini_array_start = .)
 *(SORT_BY_NAME(.fini_array.*))
 *(.fini_array*)
 .fini_array    0x0c001e94        0x4 C:/ST/STM32CubeIDE_1.18.1/STM32CubeIDE/plugins/com.st.stm32cube.ide.mcu.externaltools.gnu-tools-for-stm32.13.3.rel1.win32_1.0.0.202411081344/tools/bin/../lib/gcc/arm-none-eabi/13.3.1/thumb/v8-m.main+fp/hard/crtbegin.o
                [!provide]                        PROVIDE (__fini_array_end = .)
                0x0c001e98                        _sidata = LOADADDR (.data)

.rel.dyn        0x0c001e98        0x0
 .rel.iplt      0x0c001e98        0x0 C:/ST/STM32CubeIDE_1.18.1/STM32CubeIDE/plugins/com.st.stm32cube.ide.mcu.externaltools.gnu-tools-for-stm32.13.3.rel1.win32_1.0.0.202411081344/tools/bin/../lib/gcc/arm-none-eabi/13.3.1/thumb/v8-m.main+fp/hard/crtbegin.o

.data           0x30000000        0x9 load address 0x0c001e98
                0x30000000                        _sdata = .
 *(.data)
 *(.data*)
 .data.SystemCoreClock
                0x30000000        0x4 ./Core/Src/system_stm32u5xx_s.o
                0x30000000                SystemCoreClock
 .data.uwTickPrio
                0x30000004        0x4 ./Drivers/STM32U5xx_HAL_Driver/stm32u5xx_hal.o
                0x30000004                uwTickPrio
 .data.uwTickFreq
                0x30000008        0x1 ./Drivers/STM32U5xx_HAL_Driver/stm32u5xx_hal.o
                0x30000008                uwTickFreq
 *(.RamFunc)
 *(.RamFunc*)
                0x30000009                        _edata = .

.igot.plt       0x3000000c        0x0 load address 0x0c001ea1
 .igot.plt      0x3000000c        0x0 C:/ST/STM32CubeIDE_1.18.1/STM32CubeIDE/plugins/com.st.stm32cube.ide.mcu.externaltools.gnu-tools-for-stm32.13.3.rel1.win32_1.0.0.202411081344/tools/bin/../lib/gcc/arm-none-eabi/13.3.1/thumb/v8-m.main+fp/hard/crtbegin.o

.gnu.sgstubs    0x0c0fe000       0x20
                0x0c0fe000                        . = ALIGN (0x4)
 *(.gnu.sgstubs*)
                0x0c0fe000                        . = ALIGN (0x4)
 .gnu.sgstubs.__stub
                0x0c0fe000       0x10 linker stubs
                0x0c0fe000                SECURE_SystemCoreClockUpdate
                0x0c0fe008                SECURE_RegisterCallback

.bss            0x3000000c       0x28
                0x3000000c                        _sbss = .
                0x3000000c                        __bss_start__ = _sbss
 *(.bss)
 .bss           0x3000000c       0x1c C:/ST/STM32CubeIDE_1.18.1/STM32CubeIDE/plugins/com.st.stm32cube.ide.mcu.externaltools.gnu-tools-for-stm32.13.3.rel1.win32_1.0.0.202411081344/tools/bin/../lib/gcc/arm-none-eabi/13.3.1/thumb/v8-m.main+fp/hard/crtbegin.o
 *(.bss*)
 .bss.pSecureFaultCallback
                0x30000028        0x4 ./Core/Src/secure_nsc.o
                0x30000028                pSecureFaultCallback
 .bss.pSecureErrorCallback
                0x3000002c        0x4 ./Core/Src/secure_nsc.o
                0x3000002c                pSecureErrorCallback
 .bss.uwTick    0x30000030        0x4 ./Drivers/STM32U5xx_HAL_Driver/stm32u5xx_hal.o
                0x30000030                uwTick
 *(COMMON)
                0x30000034                        _ebss = .
                0x30000034                        __bss_end__ = _ebss

._user_heap_stack
                0x30000034      0x604
                0x30000038                        . = ALIGN (0x8)
 *fill*         0x30000034        0x4 
                [!provide]                        PROVIDE (end = .)
                0x30000038                        PROVIDE (_end = .)
                0x30000238                        . = (. + _Min_Heap_Size)
 *fill*         0x30000038      0x200 
                0x30000638                        . = (. + _Min_Stack_Size)
 *fill*         0x30000238      0x400 
                0x30000638                        . = ALIGN (0x8)

/DISCARD/
 libc.a(*)
 libm.a(*)
 libgcc.a(*)

.ARM.attributes
                0x00000000       0x36
 *(.ARM.attributes)
 .ARM.attributes
                0x00000000       0x26 C:/ST/STM32CubeIDE_1.18.1/STM32CubeIDE/plugins/com.st.stm32cube.ide.mcu.externaltools.gnu-tools-for-stm32.13.3.rel1.win32_1.0.0.202411081344/tools/bin/../lib/gcc/arm-none-eabi/13.3.1/thumb/v8-m.main+fp/hard/crti.o
 .ARM.attributes
                0x00000026       0x38 C:/ST/STM32CubeIDE_1.18.1/STM32CubeIDE/plugins/com.st.stm32cube.ide.mcu.externaltools.gnu-tools-for-stm32.13.3.rel1.win32_1.0.0.202411081344/tools/bin/../lib/gcc/arm-none-eabi/13.3.1/thumb/v8-m.main+fp/hard/crtbegin.o
 .ARM.attributes
                0x0000005e       0x3a ./Core/Src/main.o
 .ARM.attributes
                0x00000098       0x3a ./Core/Src/secure_nsc.o
 .ARM.attributes
                0x000000d2       0x3a ./Core/Src/stm32u5xx_hal_msp.o
 .ARM.attributes
                0x0000010c       0x3a ./Core/Src/stm32u5xx_it.o
 .ARM.attributes
                0x00000146       0x3a ./Core/Src/system_stm32u5xx_s.o
 .ARM.attributes
                0x00000180       0x24 ./Core/Startup/startup_stm32u575zitxq.o
 .ARM.attributes
                0x000001a4       0x3a ./Drivers/STM32U5xx_HAL_Driver/stm32u5xx_hal.o
 .ARM.attributes
                0x000001de       0x3a ./Drivers/STM32U5xx_HAL_Driver/stm32u5xx_hal_cortex.o
 .ARM.attributes
                0x00000218       0x3a ./Drivers/STM32U5xx_HAL_Driver/stm32u5xx_hal_gpio.o
 .ARM.attributes
                0x00000252       0x3a ./Drivers/STM32U5xx_HAL_Driver/stm32u5xx_hal_gtzc.o
 .ARM.attributes
                0x0000028c       0x3a ./Drivers/STM32U5xx_HAL_Driver/stm32u5xx_hal_icache.o
 .ARM.attributes
                0x000002c6       0x3a ./Drivers/STM32U5xx_HAL_Driver/stm32u5xx_hal_pwr_ex.o
 .ARM.attributes
                0x00000300       0x3a ./Drivers/STM32U5xx_HAL_Driver/stm32u5xx_hal_rcc.o
 .ARM.attributes
                0x0000033a       0x38 C:/ST/STM32CubeIDE_1.18.1/STM32CubeIDE/plugins/com.st.stm32cube.ide.mcu.externaltools.gnu-tools-for-stm32.13.3.rel1.win32_1.0.0.202411081344/tools/bin/../lib/gcc/arm-none-eabi/13.3.1/../../../../arm-none-eabi/lib/thumb/v8-m.main+fp/hard\libc_nano.a(libc_a-memset.o)
 .ARM.attributes
                0x00000372       0x38 C:/ST/STM32CubeIDE_1.18.1/STM32CubeIDE/plugins/com.st.stm32cube.ide.mcu.externaltools.gnu-tools-for-stm32.13.3.rel1.win32_1.0.0.202411081344/tools/bin/../lib/gcc/arm-none-eabi/13.3.1/../../../../arm-none-eabi/lib/thumb/v8-m.main+fp/hard\libc_nano.a(libc_a-init.o)
 .ARM.attributes
                0x000003aa       0x24 C:/ST/STM32CubeIDE_1.18.1/STM32CubeIDE/plugins/com.st.stm32cube.ide.mcu.externaltools.gnu-tools-for-stm32.13.3.rel1.win32_1.0.0.202411081344/tools/bin/../lib/gcc/arm-none-eabi/13.3.1/thumb/v8-m.main+fp/hard\libgcc.a(cmse_nonsecure_call.o)
 .ARM.attributes
                0x000003ce       0x26 C:/ST/STM32CubeIDE_1.18.1/STM32CubeIDE/plugins/com.st.stm32cube.ide.mcu.externaltools.gnu-tools-for-stm32.13.3.rel1.win32_1.0.0.202411081344/tools/bin/../lib/gcc/arm-none-eabi/13.3.1/thumb/v8-m.main+fp/hard/crtn.o
OUTPUT(NUCLEO-U575ZIQ-boot-learn_Secure.elf elf32-littlearm)
LOAD linker stubs
LOAD C:/ST/STM32CubeIDE_1.18.1/STM32CubeIDE/plugins/com.st.stm32cube.ide.mcu.externaltools.gnu-tools-for-stm32.13.3.rel1.win32_1.0.0.202411081344/tools/bin/../lib/gcc/arm-none-eabi/13.3.1/../../../../arm-none-eabi/lib/thumb/v8-m.main+fp/hard\libc.a
LOAD C:/ST/STM32CubeIDE_1.18.1/STM32CubeIDE/plugins/com.st.stm32cube.ide.mcu.externaltools.gnu-tools-for-stm32.13.3.rel1.win32_1.0.0.202411081344/tools/bin/../lib/gcc/arm-none-eabi/13.3.1/../../../../arm-none-eabi/lib/thumb/v8-m.main+fp/hard\libm.a
LOAD C:/ST/STM32CubeIDE_1.18.1/STM32CubeIDE/plugins/com.st.stm32cube.ide.mcu.externaltools.gnu-tools-for-stm32.13.3.rel1.win32_1.0.0.202411081344/tools/bin/../lib/gcc/arm-none-eabi/13.3.1/thumb/v8-m.main+fp/hard\libgcc.a

.debug_info     0x00000000     0x82ca
 .debug_info    0x00000000      0xc0c ./Core/Src/main.o
 .debug_info    0x00000c0c      0x103 ./Core/Src/secure_nsc.o
 .debug_info    0x00000d0f      0x42e ./Core/Src/stm32u5xx_hal_msp.o
 .debug_info    0x0000113d      0x138 ./Core/Src/stm32u5xx_it.o
 .debug_info    0x00001275      0xb84 ./Core/Src/system_stm32u5xx_s.o
 .debug_info    0x00001df9       0x30 ./Core/Startup/startup_stm32u575zitxq.o
 .debug_info    0x00001e29     0x1257 ./Drivers/STM32U5xx_HAL_Driver/stm32u5xx_hal.o
 .debug_info    0x00003080     0x1774 ./Drivers/STM32U5xx_HAL_Driver/stm32u5xx_hal_cortex.o
 .debug_info    0x000047f4      0x962 ./Drivers/STM32U5xx_HAL_Driver/stm32u5xx_hal_gpio.o
 .debug_info    0x00005156      0xc70 ./Drivers/STM32U5xx_HAL_Driver/stm32u5xx_hal_gtzc.o
 .debug_info    0x00005dc6      0x4d6 ./Drivers/STM32U5xx_HAL_Driver/stm32u5xx_hal_icache.o
 .debug_info    0x0000629c      0xe3e ./Drivers/STM32U5xx_HAL_Driver/stm32u5xx_hal_pwr_ex.o
 .debug_info    0x000070da     0x11f0 ./Drivers/STM32U5xx_HAL_Driver/stm32u5xx_hal_rcc.o

.debug_abbrev   0x00000000     0x17ad
 .debug_abbrev  0x00000000      0x2f5 ./Core/Src/main.o
 .debug_abbrev  0x000002f5       0x9f ./Core/Src/secure_nsc.o
 .debug_abbrev  0x00000394       0xfe ./Core/Src/stm32u5xx_hal_msp.o
 .debug_abbrev  0x00000492       0x73 ./Core/Src/stm32u5xx_it.o
 .debug_abbrev  0x00000505      0x186 ./Core/Src/system_stm32u5xx_s.o
 .debug_abbrev  0x0000068b       0x24 ./Core/Startup/startup_stm32u575zitxq.o
 .debug_abbrev  0x000006af      0x2b8 ./Drivers/STM32U5xx_HAL_Driver/stm32u5xx_hal.o
 .debug_abbrev  0x00000967      0x311 ./Drivers/STM32U5xx_HAL_Driver/stm32u5xx_hal_cortex.o
 .debug_abbrev  0x00000c78      0x25a ./Drivers/STM32U5xx_HAL_Driver/stm32u5xx_hal_gpio.o
 .debug_abbrev  0x00000ed2      0x1d3 ./Drivers/STM32U5xx_HAL_Driver/stm32u5xx_hal_gtzc.o
 .debug_abbrev  0x000010a5      0x228 ./Drivers/STM32U5xx_HAL_Driver/stm32u5xx_hal_icache.o
 .debug_abbrev  0x000012cd      0x215 ./Drivers/STM32U5xx_HAL_Driver/stm32u5xx_hal_pwr_ex.o
 .debug_abbrev  0x000014e2      0x2cb ./Drivers/STM32U5xx_HAL_Driver/stm32u5xx_hal_rcc.o

.debug_aranges  0x00000000      0x8b0
 .debug_aranges
                0x00000000       0x50 ./Core/Src/main.o
 .debug_aranges
                0x00000050       0x20 ./Core/Src/secure_nsc.o
 .debug_aranges
                0x00000070       0x20 ./Core/Src/stm32u5xx_hal_msp.o
 .debug_aranges
                0x00000090       0x68 ./Core/Src/stm32u5xx_it.o
 .debug_aranges
                0x000000f8       0x38 ./Core/Src/system_stm32u5xx_s.o
 .debug_aranges
                0x00000130       0x28 ./Core/Startup/startup_stm32u575zitxq.o
 .debug_aranges
                0x00000158      0x158 ./Drivers/STM32U5xx_HAL_Driver/stm32u5xx_hal.o
 .debug_aranges
                0x000002b0      0x170 ./Drivers/STM32U5xx_HAL_Driver/stm32u5xx_hal_cortex.o
 .debug_aranges
                0x00000420       0x88 ./Drivers/STM32U5xx_HAL_Driver/stm32u5xx_hal_gpio.o
 .debug_aranges
                0x000004a8       0xb8 ./Drivers/STM32U5xx_HAL_Driver/stm32u5xx_hal_gtzc.o
 .debug_aranges
                0x00000560       0xa8 ./Drivers/STM32U5xx_HAL_Driver/stm32u5xx_hal_icache.o
 .debug_aranges
                0x00000608      0x200 ./Drivers/STM32U5xx_HAL_Driver/stm32u5xx_hal_pwr_ex.o
 .debug_aranges
                0x00000808       0xa8 ./Drivers/STM32U5xx_HAL_Driver/stm32u5xx_hal_rcc.o

.debug_rnglists
                0x00000000      0x678
 .debug_rnglists
                0x00000000       0x3a ./Core/Src/main.o
 .debug_rnglists
                0x0000003a       0x14 ./Core/Src/secure_nsc.o
 .debug_rnglists
                0x0000004e       0x13 ./Core/Src/stm32u5xx_hal_msp.o
 .debug_rnglists
                0x00000061       0x49 ./Core/Src/stm32u5xx_it.o
 .debug_rnglists
                0x000000aa       0x28 ./Core/Src/system_stm32u5xx_s.o
 .debug_rnglists
                0x000000d2       0x19 ./Core/Startup/startup_stm32u575zitxq.o
 .debug_rnglists
                0x000000eb       0xff ./Drivers/STM32U5xx_HAL_Driver/stm32u5xx_hal.o
 .debug_rnglists
                0x000001ea      0x110 ./Drivers/STM32U5xx_HAL_Driver/stm32u5xx_hal_cortex.o
 .debug_rnglists
                0x000002fa       0x68 ./Drivers/STM32U5xx_HAL_Driver/stm32u5xx_hal_gpio.o
 .debug_rnglists
                0x00000362       0x96 ./Drivers/STM32U5xx_HAL_Driver/stm32u5xx_hal_gtzc.o
 .debug_rnglists
                0x000003f8       0x7a ./Drivers/STM32U5xx_HAL_Driver/stm32u5xx_hal_icache.o
 .debug_rnglists
                0x00000472      0x186 ./Drivers/STM32U5xx_HAL_Driver/stm32u5xx_hal_pwr_ex.o
 .debug_rnglists
                0x000005f8       0x80 ./Drivers/STM32U5xx_HAL_Driver/stm32u5xx_hal_rcc.o

.debug_macro    0x00000000    0x307de
 .debug_macro   0x00000000      0x27b ./Core/Src/main.o
 .debug_macro   0x0000027b      0xade ./Core/Src/main.o
 .debug_macro   0x00000d59       0x16 ./Core/Src/main.o
 .debug_macro   0x00000d6f      0x1fb ./Core/Src/main.o
 .debug_macro   0x00000f6a      0x190 ./Core/Src/main.o
 .debug_macro   0x000010fa       0x63 ./Core/Src/main.o
 .debug_macro   0x0000115d       0x2e ./Core/Src/main.o
 .debug_macro   0x0000118b       0x42 ./Core/Src/main.o
 .debug_macro   0x000011cd       0x22 ./Core/Src/main.o
 .debug_macro   0x000011ef       0x8e ./Core/Src/main.o
 .debug_macro   0x0000127d       0x51 ./Core/Src/main.o
 .debug_macro   0x000012ce      0x103 ./Core/Src/main.o
 .debug_macro   0x000013d1       0x6a ./Core/Src/main.o
 .debug_macro   0x0000143b      0x1df ./Core/Src/main.o
 .debug_macro   0x0000161a       0x1c ./Core/Src/main.o
 .debug_macro   0x00001636       0x29 ./Core/Src/main.o
 .debug_macro   0x0000165f      0x110 ./Core/Src/main.o
 .debug_macro   0x0000176f     0x17f1 ./Core/Src/main.o
 .debug_macro   0x00002f60       0x5e ./Core/Src/main.o
 .debug_macro   0x00002fbe    0x227ac ./Core/Src/main.o
 .debug_macro   0x0002576a       0x6d ./Core/Src/main.o
 .debug_macro   0x000257d7     0x393e ./Core/Src/main.o
 .debug_macro   0x00029115       0x61 ./Core/Src/main.o
 .debug_macro   0x00029176       0x2a ./Core/Src/main.o
 .debug_macro   0x000291a0       0x43 ./Core/Src/main.o
 .debug_macro   0x000291e3       0x34 ./Core/Src/main.o
 .debug_macro   0x00029217      0x370 ./Core/Src/main.o
 .debug_macro   0x00029587       0x16 ./Core/Src/main.o
 .debug_macro   0x0002959d       0x4a ./Core/Src/main.o
 .debug_macro   0x000295e7       0x34 ./Core/Src/main.o
 .debug_macro   0x0002961b       0x10 ./Core/Src/main.o
 .debug_macro   0x0002962b       0x58 ./Core/Src/main.o
 .debug_macro   0x00029683       0x8e ./Core/Src/main.o
 .debug_macro   0x00029711       0x1c ./Core/Src/main.o
 .debug_macro   0x0002972d      0x185 ./Core/Src/main.o
 .debug_macro   0x000298b2      0x19b ./Core/Src/main.o
 .debug_macro   0x00029a4d       0x5d ./Core/Src/main.o
 .debug_macro   0x00029aaa     0x1af3 ./Core/Src/main.o
 .debug_macro   0x0002b59d      0x7dc ./Core/Src/main.o
 .debug_macro   0x0002bd79      0x17b ./Core/Src/main.o
 .debug_macro   0x0002bef4      0x2aa ./Core/Src/main.o
 .debug_macro   0x0002c19e       0xc9 ./Core/Src/main.o
 .debug_macro   0x0002c267      0x3fd ./Core/Src/main.o
 .debug_macro   0x0002c664      0x5a5 ./Core/Src/main.o
 .debug_macro   0x0002cc09      0x439 ./Core/Src/main.o
 .debug_macro   0x0002d042       0xdd ./Core/Src/main.o
 .debug_macro   0x0002d11f      0x1d4 ./Core/Src/main.o
 .debug_macro   0x0002d2f3      0x4b7 ./Core/Src/main.o
 .debug_macro   0x0002d7aa       0xa8 ./Core/Src/main.o
 .debug_macro   0x0002d852      0x131 ./Core/Src/main.o
 .debug_macro   0x0002d983      0x525 ./Core/Src/main.o
 .debug_macro   0x0002dea8      0x4bf ./Core/Src/main.o
 .debug_macro   0x0002e367      0x1ce ./Core/Src/main.o
 .debug_macro   0x0002e535      0x3ae ./Core/Src/main.o
 .debug_macro   0x0002e8e3      0x27f ./Core/Src/secure_nsc.o
 .debug_macro   0x0002eb62      0x275 ./Core/Src/stm32u5xx_hal_msp.o
 .debug_macro   0x0002edd7      0x27f ./Core/Src/stm32u5xx_it.o
 .debug_macro   0x0002f056      0x28c ./Core/Src/system_stm32u5xx_s.o
 .debug_macro   0x0002f2e2      0x17f ./Core/Src/system_stm32u5xx_s.o
 .debug_macro   0x0002f461      0x290 ./Drivers/STM32U5xx_HAL_Driver/stm32u5xx_hal.o
 .debug_macro   0x0002f6f1      0x26c ./Drivers/STM32U5xx_HAL_Driver/stm32u5xx_hal_cortex.o
 .debug_macro   0x0002f95d      0x2a1 ./Drivers/STM32U5xx_HAL_Driver/stm32u5xx_hal_gpio.o
 .debug_macro   0x0002fbfe      0x339 ./Drivers/STM32U5xx_HAL_Driver/stm32u5xx_hal_gtzc.o
 .debug_macro   0x0002ff37      0x29e ./Drivers/STM32U5xx_HAL_Driver/stm32u5xx_hal_icache.o
 .debug_macro   0x000301d5      0x297 ./Drivers/STM32U5xx_HAL_Driver/stm32u5xx_hal_pwr_ex.o
 .debug_macro   0x0003046c      0x372 ./Drivers/STM32U5xx_HAL_Driver/stm32u5xx_hal_rcc.o

.debug_line     0x00000000     0xab7c
 .debug_line    0x00000000      0x9f1 ./Core/Src/main.o
 .debug_line    0x000009f1      0x892 ./Core/Src/secure_nsc.o
 .debug_line    0x00001283      0x863 ./Core/Src/stm32u5xx_hal_msp.o
 .debug_line    0x00001ae6      0x926 ./Core/Src/stm32u5xx_it.o
 .debug_line    0x0000240c      0xa14 ./Core/Src/system_stm32u5xx_s.o
 .debug_line    0x00002e20       0x79 ./Core/Startup/startup_stm32u575zitxq.o
 .debug_line    0x00002e99      0xdb5 ./Drivers/STM32U5xx_HAL_Driver/stm32u5xx_hal.o
 .debug_line    0x00003c4e      0xff5 ./Drivers/STM32U5xx_HAL_Driver/stm32u5xx_hal_cortex.o
 .debug_line    0x00004c43      0xeef ./Drivers/STM32U5xx_HAL_Driver/stm32u5xx_hal_gpio.o
 .debug_line    0x00005b32     0x1b2a ./Drivers/STM32U5xx_HAL_Driver/stm32u5xx_hal_gtzc.o
 .debug_line    0x0000765c      0xb9b ./Drivers/STM32U5xx_HAL_Driver/stm32u5xx_hal_icache.o
 .debug_line    0x000081f7     0x1223 ./Drivers/STM32U5xx_HAL_Driver/stm32u5xx_hal_pwr_ex.o
 .debug_line    0x0000941a     0x1762 ./Drivers/STM32U5xx_HAL_Driver/stm32u5xx_hal_rcc.o

.debug_str      0x00000000   0x12e883
 .debug_str     0x00000000   0x12e883 ./Core/Src/main.o
                             0x12a33d (size before relaxing)
 .debug_str     0x0012e883   0x129d53 ./Core/Src/secure_nsc.o
 .debug_str     0x0012e883   0x129f30 ./Core/Src/stm32u5xx_hal_msp.o
 .debug_str     0x0012e883   0x129d7a ./Core/Src/stm32u5xx_it.o
 .debug_str     0x0012e883   0x12a6ed ./Core/Src/system_stm32u5xx_s.o
 .debug_str     0x0012e883       0x98 ./Core/Startup/startup_stm32u575zitxq.o
 .debug_str     0x0012e883   0x12af54 ./Drivers/STM32U5xx_HAL_Driver/stm32u5xx_hal.o
 .debug_str     0x0012e883   0x12ad72 ./Drivers/STM32U5xx_HAL_Driver/stm32u5xx_hal_cortex.o
 .debug_str     0x0012e883   0x12a11c ./Drivers/STM32U5xx_HAL_Driver/stm32u5xx_hal_gpio.o
 .debug_str     0x0012e883   0x12a9b3 ./Drivers/STM32U5xx_HAL_Driver/stm32u5xx_hal_gtzc.o
 .debug_str     0x0012e883   0x12a3bf ./Drivers/STM32U5xx_HAL_Driver/stm32u5xx_hal_icache.o
 .debug_str     0x0012e883   0x12a7dd ./Drivers/STM32U5xx_HAL_Driver/stm32u5xx_hal_pwr_ex.o
 .debug_str     0x0012e883   0x12b7d7 ./Drivers/STM32U5xx_HAL_Driver/stm32u5xx_hal_rcc.o

.comment        0x00000000       0x43
 .comment       0x00000000       0x43 ./Core/Src/main.o
                                 0x44 (size before relaxing)
 .comment       0x00000043       0x44 ./Core/Src/secure_nsc.o
 .comment       0x00000043       0x44 ./Core/Src/stm32u5xx_hal_msp.o
 .comment       0x00000043       0x44 ./Core/Src/stm32u5xx_it.o
 .comment       0x00000043       0x44 ./Core/Src/system_stm32u5xx_s.o
 .comment       0x00000043       0x44 ./Drivers/STM32U5xx_HAL_Driver/stm32u5xx_hal.o
 .comment       0x00000043       0x44 ./Drivers/STM32U5xx_HAL_Driver/stm32u5xx_hal_cortex.o
 .comment       0x00000043       0x44 ./Drivers/STM32U5xx_HAL_Driver/stm32u5xx_hal_gpio.o
 .comment       0x00000043       0x44 ./Drivers/STM32U5xx_HAL_Driver/stm32u5xx_hal_gtzc.o
 .comment       0x00000043       0x44 ./Drivers/STM32U5xx_HAL_Driver/stm32u5xx_hal_icache.o
 .comment       0x00000043       0x44 ./Drivers/STM32U5xx_HAL_Driver/stm32u5xx_hal_pwr_ex.o
 .comment       0x00000043       0x44 ./Drivers/STM32U5xx_HAL_Driver/stm32u5xx_hal_rcc.o

.debug_frame    0x00000000     0x21c0
 .debug_frame   0x00000000       0xf0 ./Core/Src/main.o
 .debug_frame   0x000000f0       0x38 ./Core/Src/secure_nsc.o
 .debug_frame   0x00000128       0x34 ./Core/Src/stm32u5xx_hal_msp.o
 .debug_frame   0x0000015c      0x11c ./Core/Src/stm32u5xx_it.o
 .debug_frame   0x00000278       0x98 ./Core/Src/system_stm32u5xx_s.o
 .debug_frame   0x00000310      0x550 ./Drivers/STM32U5xx_HAL_Driver/stm32u5xx_hal.o
 .debug_frame   0x00000860      0x640 ./Drivers/STM32U5xx_HAL_Driver/stm32u5xx_hal_cortex.o
 .debug_frame   0x00000ea0      0x23c ./Drivers/STM32U5xx_HAL_Driver/stm32u5xx_hal_gpio.o
 .debug_frame   0x000010dc      0x32c ./Drivers/STM32U5xx_HAL_Driver/stm32u5xx_hal_gtzc.o
 .debug_frame   0x00001408      0x298 ./Drivers/STM32U5xx_HAL_Driver/stm32u5xx_hal_icache.o
 .debug_frame   0x000016a0      0x84c ./Drivers/STM32U5xx_HAL_Driver/stm32u5xx_hal_pwr_ex.o
 .debug_frame   0x00001eec      0x288 ./Drivers/STM32U5xx_HAL_Driver/stm32u5xx_hal_rcc.o
 .debug_frame   0x00002174       0x20 C:/ST/STM32CubeIDE_1.18.1/STM32CubeIDE/plugins/com.st.stm32cube.ide.mcu.externaltools.gnu-tools-for-stm32.13.3.rel1.win32_1.0.0.202411081344/tools/bin/../lib/gcc/arm-none-eabi/13.3.1/../../../../arm-none-eabi/lib/thumb/v8-m.main+fp/hard\libc_nano.a(libc_a-memset.o)
 .debug_frame   0x00002194       0x2c C:/ST/STM32CubeIDE_1.18.1/STM32CubeIDE/plugins/com.st.stm32cube.ide.mcu.externaltools.gnu-tools-for-stm32.13.3.rel1.win32_1.0.0.202411081344/tools/bin/../lib/gcc/arm-none-eabi/13.3.1/../../../../arm-none-eabi/lib/thumb/v8-m.main+fp/hard\libc_nano.a(libc_a-init.o)

.debug_line_str
                0x00000000       0x7c
 .debug_line_str
                0x00000000       0x7c ./Core/Startup/startup_stm32u575zitxq.o
